------------------------------------------------------------
Timing Analyzer Summary
------------------------------------------------------------

Type  : Slow 1200mV 85C Model Setup 'divisor_clock:divisor_50x|out_clk_tmp'
Slack : -8.525
TNS   : -2132.812

Type  : Slow 1200mV 85C Model Setup 'clk_pid'
Slack : -6.629
TNS   : -51.276

Type  : Slow 1200mV 85C Model Setup 'clk_50MHZ'
Slack : -5.064
TNS   : -59.909

Type  : Slow 1200mV 85C Model Setup 'leitor_temperatura:termometro|sck_tmp'
Slack : -1.716
TNS   : -20.672

Type  : Slow 1200mV 85C Model Setup 'uart_rx:u_rx|byte_recebido_tmp'
Slack : -1.315
TNS   : -10.520

Type  : Slow 1200mV 85C Model Hold 'divisor_clock:divisor_50x|out_clk_tmp'
Slack : 0.324
TNS   : 0.000

Type  : Slow 1200mV 85C Model Hold 'leitor_temperatura:termometro|sck_tmp'
Slack : 0.343
TNS   : 0.000

Type  : Slow 1200mV 85C Model Hold 'clk_50MHZ'
Slack : 0.410
TNS   : 0.000

Type  : Slow 1200mV 85C Model Hold 'clk_pid'
Slack : 0.489
TNS   : 0.000

Type  : Slow 1200mV 85C Model Hold 'uart_rx:u_rx|byte_recebido_tmp'
Slack : 1.089
TNS   : 0.000

Type  : Slow 1200mV 85C Model Recovery 'divisor_clock:divisor_50x|out_clk_tmp_up'
Slack : -3.459
TNS   : -3.459

Type  : Slow 1200mV 85C Model Recovery 'iniciar_transmissao'
Slack : -3.037
TNS   : -3.037

Type  : Slow 1200mV 85C Model Recovery 'iniciado_tmp'
Slack : -2.978
TNS   : -2.978

Type  : Slow 1200mV 85C Model Recovery 'temporizador:tmpr|fim_tmp'
Slack : -2.381
TNS   : -2.381

Type  : Slow 1200mV 85C Model Recovery 'rx'
Slack : -1.661
TNS   : -1.661

Type  : Slow 1200mV 85C Model Recovery 'uart_rx:u_rx|byte_recebido_tmp'
Slack : -0.730
TNS   : -0.730

Type  : Slow 1200mV 85C Model Recovery 'passagem_zero'
Slack : -0.482
TNS   : -0.482

Type  : Slow 1200mV 85C Model Removal 'iniciado_tmp'
Slack : 0.681
TNS   : 0.000

Type  : Slow 1200mV 85C Model Removal 'passagem_zero'
Slack : 0.844
TNS   : 0.000

Type  : Slow 1200mV 85C Model Removal 'uart_rx:u_rx|byte_recebido_tmp'
Slack : 1.084
TNS   : 0.000

Type  : Slow 1200mV 85C Model Removal 'rx'
Slack : 2.065
TNS   : 0.000

Type  : Slow 1200mV 85C Model Removal 'temporizador:tmpr|fim_tmp'
Slack : 2.830
TNS   : 0.000

Type  : Slow 1200mV 85C Model Removal 'iniciar_transmissao'
Slack : 3.543
TNS   : 0.000

Type  : Slow 1200mV 85C Model Removal 'divisor_clock:divisor_50x|out_clk_tmp_up'
Slack : 3.947
TNS   : 0.000

Type  : Slow 1200mV 85C Model Minimum Pulse Width 'clk_50MHZ'
Slack : -3.000
TNS   : -42.284

Type  : Slow 1200mV 85C Model Minimum Pulse Width 'passagem_zero'
Slack : -3.000
TNS   : -4.403

Type  : Slow 1200mV 85C Model Minimum Pulse Width 'rx'
Slack : -3.000
TNS   : -4.403

Type  : Slow 1200mV 85C Model Minimum Pulse Width 'divisor_clock:divisor_50x|out_clk_tmp'
Slack : -1.403
TNS   : -611.708

Type  : Slow 1200mV 85C Model Minimum Pulse Width 'clk_pid'
Slack : -1.403
TNS   : -26.657

Type  : Slow 1200mV 85C Model Minimum Pulse Width 'leitor_temperatura:termometro|sck_tmp'
Slack : -1.403
TNS   : -22.448

Type  : Slow 1200mV 85C Model Minimum Pulse Width 'uart_rx:u_rx|byte_recebido_tmp'
Slack : -1.403
TNS   : -12.627

Type  : Slow 1200mV 85C Model Minimum Pulse Width 'divisor_clock:divisor_50x|out_clk_tmp_up'
Slack : -1.403
TNS   : -1.403

Type  : Slow 1200mV 85C Model Minimum Pulse Width 'iniciado_tmp'
Slack : -1.403
TNS   : -1.403

Type  : Slow 1200mV 85C Model Minimum Pulse Width 'iniciar_transmissao'
Slack : -1.403
TNS   : -1.403

Type  : Slow 1200mV 85C Model Minimum Pulse Width 'temporizador:tmpr|fim_tmp'
Slack : -1.403
TNS   : -1.403

Type  : Slow 1200mV 0C Model Setup 'divisor_clock:divisor_50x|out_clk_tmp'
Slack : -7.803
TNS   : -1933.171

Type  : Slow 1200mV 0C Model Setup 'clk_pid'
Slack : -6.005
TNS   : -45.663

Type  : Slow 1200mV 0C Model Setup 'clk_50MHZ'
Slack : -4.509
TNS   : -51.783

Type  : Slow 1200mV 0C Model Setup 'leitor_temperatura:termometro|sck_tmp'
Slack : -1.497
TNS   : -17.637

Type  : Slow 1200mV 0C Model Setup 'uart_rx:u_rx|byte_recebido_tmp'
Slack : -1.110
TNS   : -8.880

Type  : Slow 1200mV 0C Model Hold 'divisor_clock:divisor_50x|out_clk_tmp'
Slack : 0.291
TNS   : 0.000

Type  : Slow 1200mV 0C Model Hold 'leitor_temperatura:termometro|sck_tmp'
Slack : 0.308
TNS   : 0.000

Type  : Slow 1200mV 0C Model Hold 'clk_50MHZ'
Slack : 0.377
TNS   : 0.000

Type  : Slow 1200mV 0C Model Hold 'clk_pid'
Slack : 0.442
TNS   : 0.000

Type  : Slow 1200mV 0C Model Hold 'uart_rx:u_rx|byte_recebido_tmp'
Slack : 1.008
TNS   : 0.000

Type  : Slow 1200mV 0C Model Recovery 'divisor_clock:divisor_50x|out_clk_tmp_up'
Slack : -3.094
TNS   : -3.094

Type  : Slow 1200mV 0C Model Recovery 'iniciar_transmissao'
Slack : -2.663
TNS   : -2.663

Type  : Slow 1200mV 0C Model Recovery 'iniciado_tmp'
Slack : -2.651
TNS   : -2.651

Type  : Slow 1200mV 0C Model Recovery 'temporizador:tmpr|fim_tmp'
Slack : -2.055
TNS   : -2.055

Type  : Slow 1200mV 0C Model Recovery 'rx'
Slack : -1.415
TNS   : -1.415

Type  : Slow 1200mV 0C Model Recovery 'uart_rx:u_rx|byte_recebido_tmp'
Slack : -0.567
TNS   : -0.567

Type  : Slow 1200mV 0C Model Recovery 'passagem_zero'
Slack : -0.236
TNS   : -0.236

Type  : Slow 1200mV 0C Model Removal 'iniciado_tmp'
Slack : 0.640
TNS   : 0.000

Type  : Slow 1200mV 0C Model Removal 'passagem_zero'
Slack : 0.642
TNS   : 0.000

Type  : Slow 1200mV 0C Model Removal 'uart_rx:u_rx|byte_recebido_tmp'
Slack : 1.004
TNS   : 0.000

Type  : Slow 1200mV 0C Model Removal 'rx'
Slack : 1.902
TNS   : 0.000

Type  : Slow 1200mV 0C Model Removal 'temporizador:tmpr|fim_tmp'
Slack : 2.550
TNS   : 0.000

Type  : Slow 1200mV 0C Model Removal 'iniciar_transmissao'
Slack : 3.227
TNS   : 0.000

Type  : Slow 1200mV 0C Model Removal 'divisor_clock:divisor_50x|out_clk_tmp_up'
Slack : 3.621
TNS   : 0.000

Type  : Slow 1200mV 0C Model Minimum Pulse Width 'clk_50MHZ'
Slack : -3.000
TNS   : -42.284

Type  : Slow 1200mV 0C Model Minimum Pulse Width 'passagem_zero'
Slack : -3.000
TNS   : -4.403

Type  : Slow 1200mV 0C Model Minimum Pulse Width 'rx'
Slack : -3.000
TNS   : -4.403

Type  : Slow 1200mV 0C Model Minimum Pulse Width 'divisor_clock:divisor_50x|out_clk_tmp'
Slack : -1.403
TNS   : -611.708

Type  : Slow 1200mV 0C Model Minimum Pulse Width 'clk_pid'
Slack : -1.403
TNS   : -26.657

Type  : Slow 1200mV 0C Model Minimum Pulse Width 'leitor_temperatura:termometro|sck_tmp'
Slack : -1.403
TNS   : -22.448

Type  : Slow 1200mV 0C Model Minimum Pulse Width 'uart_rx:u_rx|byte_recebido_tmp'
Slack : -1.403
TNS   : -12.627

Type  : Slow 1200mV 0C Model Minimum Pulse Width 'divisor_clock:divisor_50x|out_clk_tmp_up'
Slack : -1.403
TNS   : -1.403

Type  : Slow 1200mV 0C Model Minimum Pulse Width 'iniciado_tmp'
Slack : -1.403
TNS   : -1.403

Type  : Slow 1200mV 0C Model Minimum Pulse Width 'iniciar_transmissao'
Slack : -1.403
TNS   : -1.403

Type  : Slow 1200mV 0C Model Minimum Pulse Width 'temporizador:tmpr|fim_tmp'
Slack : -1.403
TNS   : -1.403

Type  : Fast 1200mV 0C Model Setup 'divisor_clock:divisor_50x|out_clk_tmp'
Slack : -3.119
TNS   : -659.006

Type  : Fast 1200mV 0C Model Setup 'clk_pid'
Slack : -2.032
TNS   : -13.508

Type  : Fast 1200mV 0C Model Setup 'clk_50MHZ'
Slack : -1.444
TNS   : -8.193

Type  : Fast 1200mV 0C Model Setup 'leitor_temperatura:termometro|sck_tmp'
Slack : -0.154
TNS   : -0.547

Type  : Fast 1200mV 0C Model Setup 'uart_rx:u_rx|byte_recebido_tmp'
Slack : -0.031
TNS   : -0.248

Type  : Fast 1200mV 0C Model Hold 'clk_pid'
Slack : 0.141
TNS   : 0.000

Type  : Fast 1200mV 0C Model Hold 'divisor_clock:divisor_50x|out_clk_tmp'
Slack : 0.141
TNS   : 0.000

Type  : Fast 1200mV 0C Model Hold 'leitor_temperatura:termometro|sck_tmp'
Slack : 0.150
TNS   : 0.000

Type  : Fast 1200mV 0C Model Hold 'clk_50MHZ'
Slack : 0.164
TNS   : 0.000

Type  : Fast 1200mV 0C Model Hold 'uart_rx:u_rx|byte_recebido_tmp'
Slack : 0.462
TNS   : 0.000

Type  : Fast 1200mV 0C Model Recovery 'divisor_clock:divisor_50x|out_clk_tmp_up'
Slack : -1.737
TNS   : -1.737

Type  : Fast 1200mV 0C Model Recovery 'iniciar_transmissao'
Slack : -0.958
TNS   : -0.958

Type  : Fast 1200mV 0C Model Recovery 'iniciado_tmp'
Slack : -0.952
TNS   : -0.952

Type  : Fast 1200mV 0C Model Recovery 'temporizador:tmpr|fim_tmp'
Slack : -0.657
TNS   : -0.657

Type  : Fast 1200mV 0C Model Recovery 'rx'
Slack : -0.364
TNS   : -0.364

Type  : Fast 1200mV 0C Model Recovery 'passagem_zero'
Slack : 0.082
TNS   : 0.000

Type  : Fast 1200mV 0C Model Recovery 'uart_rx:u_rx|byte_recebido_tmp'
Slack : 0.185
TNS   : 0.000

Type  : Fast 1200mV 0C Model Removal 'iniciado_tmp'
Slack : 0.240
TNS   : 0.000

Type  : Fast 1200mV 0C Model Removal 'uart_rx:u_rx|byte_recebido_tmp'
Slack : 0.473
TNS   : 0.000

Type  : Fast 1200mV 0C Model Removal 'passagem_zero'
Slack : 0.598
TNS   : 0.000

Type  : Fast 1200mV 0C Model Removal 'rx'
Slack : 1.014
TNS   : 0.000

Type  : Fast 1200mV 0C Model Removal 'temporizador:tmpr|fim_tmp'
Slack : 1.397
TNS   : 0.000

Type  : Fast 1200mV 0C Model Removal 'iniciar_transmissao'
Slack : 1.705
TNS   : 0.000

Type  : Fast 1200mV 0C Model Removal 'divisor_clock:divisor_50x|out_clk_tmp_up'
Slack : 2.477
TNS   : 0.000

Type  : Fast 1200mV 0C Model Minimum Pulse Width 'clk_50MHZ'
Slack : -3.000
TNS   : -31.975

Type  : Fast 1200mV 0C Model Minimum Pulse Width 'passagem_zero'
Slack : -3.000
TNS   : -4.121

Type  : Fast 1200mV 0C Model Minimum Pulse Width 'rx'
Slack : -3.000
TNS   : -4.000

Type  : Fast 1200mV 0C Model Minimum Pulse Width 'divisor_clock:divisor_50x|out_clk_tmp'
Slack : -1.000
TNS   : -436.000

Type  : Fast 1200mV 0C Model Minimum Pulse Width 'clk_pid'
Slack : -1.000
TNS   : -19.000

Type  : Fast 1200mV 0C Model Minimum Pulse Width 'leitor_temperatura:termometro|sck_tmp'
Slack : -1.000
TNS   : -16.000

Type  : Fast 1200mV 0C Model Minimum Pulse Width 'uart_rx:u_rx|byte_recebido_tmp'
Slack : -1.000
TNS   : -9.000

Type  : Fast 1200mV 0C Model Minimum Pulse Width 'divisor_clock:divisor_50x|out_clk_tmp_up'
Slack : -1.000
TNS   : -1.000

Type  : Fast 1200mV 0C Model Minimum Pulse Width 'iniciado_tmp'
Slack : -1.000
TNS   : -1.000

Type  : Fast 1200mV 0C Model Minimum Pulse Width 'iniciar_transmissao'
Slack : -1.000
TNS   : -1.000

Type  : Fast 1200mV 0C Model Minimum Pulse Width 'temporizador:tmpr|fim_tmp'
Slack : -1.000
TNS   : -1.000

------------------------------------------------------------
